
Running tests in tests/lam...
----------------------------------------
tests/lam/in/2.in       OK
Time                    0.406s
----------------------------------------
tests/lam/in/6.in       OK
Time                    0.002s
----------------------------------------
tests/lam/in/7.in       OK
Time                    0.002s
----------------------------------------
tests/lam/in/3.in       OK
Time                    0.002s
----------------------------------------
tests/lam/in/35.in      OK
Time                    0.040s
----------------------------------------
tests/lam/in/8.in       OK
Time                    0.002s
----------------------------------------
tests/lam/in/40.in      OK
Time                    1.266s
----------------------------------------
tests/lam/in/11.in      OK
Time                    0.002s
----------------------------------------
tests/lam/in/25.in      OK
Time                    0.004s
----------------------------------------
tests/lam/in/31.in      OK
Time                    0.130s
----------------------------------------
tests/lam/in/21.in      OK
Time                    0.005s
----------------------------------------
tests/lam/in/15.in      OK
Time                    0.002s
----------------------------------------
tests/lam/in/30.in      OK
Time                    0.010s
----------------------------------------
tests/lam/in/20.in      OK
Time                    0.002s
----------------------------------------
tests/lam/in/14.in      OK
Time                    0.002s
----------------------------------------
tests/lam/in/34.in      OK
Time                    0.039s
----------------------------------------
tests/lam/in/9.in       OK
Time                    0.002s
----------------------------------------
tests/lam/in/10.in      OK
Time                    0.002s
----------------------------------------
tests/lam/in/24.in      OK
Time                    0.004s
----------------------------------------
tests/lam/in/33.in      OK
Time                    0.010s
----------------------------------------
tests/lam/in/23.in      OK
Time                    0.005s
----------------------------------------
tests/lam/in/17.in      OK
Time                    0.002s
----------------------------------------
tests/lam/in/37.in      OK
Time                    0.665s
----------------------------------------
tests/lam/in/13.in      OK
Time                    0.002s
----------------------------------------
tests/lam/in/27.in      OK
Time                    0.040s
----------------------------------------
tests/lam/in/36.in      OK
Time                    0.510s
----------------------------------------
tests/lam/in/12.in      OK
Time                    0.002s
----------------------------------------
tests/lam/in/26.in      OK
Time                    0.010s
----------------------------------------
tests/lam/in/32.in      OK
Time                    0.075s
----------------------------------------
tests/lam/in/22.in      OK
Time                    0.005s
----------------------------------------
tests/lam/in/16.in      OK
Time                    0.002s
----------------------------------------
tests/lam/in/39.in      OK
Time                    0.233s
----------------------------------------
tests/lam/in/4.in       OK
Time                    0.002s
----------------------------------------
tests/lam/in/29.in      OK
Time                    0.010s
----------------------------------------
tests/lam/in/19.in      OK
Time                    0.002s
----------------------------------------
tests/lam/in/1.in       OK
Time                    0.002s
----------------------------------------
tests/lam/in/18.in      OK
Time                    0.002s
----------------------------------------
tests/lam/in/38.in      OK
Time                    1.278s
----------------------------------------
tests/lam/in/5.in       OK
Time                    0.002s
----------------------------------------
tests/lam/in/28.in      OK
Time                    0.020s
----------------------------------------

40/40 tests passed

All tests passed!

